// Jest Snapshot v1, https://goo.gl/fbAQLP

exports[`samples/simple renders what we expect 1`] = `"Hello, <slot></slot>!"`;
