// Jest Snapshot v1, https://goo.gl/fbAQLP

exports[`cleanup 1`] = `""`;

exports[`renders 1`] = `""`;

exports[`renders 2`] = `"<div>Hello, World!</div>"`;

exports[`renders 3`] = `"<div>Hello, Bob!</div>"`;
